{
    "with_guide_tree_alignment": {
        "content": [
            [
                [
                    {
                        "id": "test"
                    },
                    "test.aln.gz:md5,74bb9a2820a91cf68db94dbd46787722"
                ]
            ]
        ],
        "meta": {
            "nf-test": "0.8.4",
            "nextflow": "24.04.3"
        },
        "timestamp": "2024-02-09T19:40:45.057777867"
    },
    "with_guide_tree_versions": {
        "content": [
            [
                "versions.yml:md5,b825152229a974c6cfc6d826db883cb4"
            ]
        ],
        "meta": {
            "nf-test": "0.8.4",
            "nextflow": "24.04.3"
        },
        "timestamp": "2024-07-10T13:29:28.254709"
    }
}