{
    "versions_structure": {
        "content": [
            [
                "versions.yml:md5,dd47f1490a2c609b1a60a6558f8468ee"
            ]
        ],
        "meta": {
            "nf-test": "0.8.4",
            "nextflow": "24.04.2"
        },
        "timestamp": "2024-07-11T09:17:13.750477015"
    }
}