{
    "clustalo/align": {
        "content": [
            {
                "0": [
                    [
                        {
                            "id": "test"
                        },
                        "test.aln:md5,09ec06af06bf2cf6e0cb9a1cabdcd5ab"
                    ]
                ],
                "1": [
                    "versions.yml:md5,75356bf56559adcb33a9c93aba830309"
                ],
                "alignment": [
                    [
                        {
                            "id": "test"
                        },
                        "test.aln:md5,09ec06af06bf2cf6e0cb9a1cabdcd5ab"
                    ]
                ],
                "versions": [
                    "versions.yml:md5,75356bf56559adcb33a9c93aba830309"
                ]
            }
        ],
        "meta": {
            "nf-test": "0.9.2",
            "nextflow": "25.04.6"
        },
        "timestamp": "2025-07-31T13:37:39.239390311"
    },
    "famsa/align": {
        "content": [
            {
                "0": [
                    [
                        {
                            "id": "test"
                        },
                        "test.aln:md5,efec3f0fffa0bca1f9c87073de81af06"
                    ]
                ],
                "1": [
                    "versions.yml:md5,662446ba7a24e755a11692e9302e4895"
                ],
                "alignment": [
                    [
                        {
                            "id": "test"
                        },
                        "test.aln:md5,efec3f0fffa0bca1f9c87073de81af06"
                    ]
                ],
                "versions": [
                    "versions.yml:md5,662446ba7a24e755a11692e9302e4895"
                ]
            }
        ],
        "meta": {
            "nf-test": "0.9.2",
            "nextflow": "25.04.6"
        },
        "timestamp": "2025-07-31T13:38:19.076634506"
    },
    "tcoffee/regressive": {
        "content": [
            {
                "0": [
                    [
                        {
                            "id": "test"
                        },
                        "test.aln:md5,a399645e1b14b858ccc9aef57ce3d9f8"
                    ]
                ],
                "1": [
                    "versions.yml:md5,919b5de419f7e8355773808305cc9da5"
                ],
                "alignment": [
                    [
                        {
                            "id": "test"
                        },
                        "test.aln:md5,a399645e1b14b858ccc9aef57ce3d9f8"
                    ]
                ],
                "versions": [
                    "versions.yml:md5,919b5de419f7e8355773808305cc9da5"
                ]
            }
        ],
        "meta": {
            "nf-test": "0.9.2",
            "nextflow": "25.10.0"
        },
        "timestamp": "2025-11-26T14:51:10.271917631"
    },
    "learnmsa/align - stub": {
        "content": [
            {
                "0": [
                    [
                        {
                            "id": "test"
                        },
                        "test.aln:md5,d41d8cd98f00b204e9800998ecf8427e"
                    ]
                ],
                "1": [
                    "versions.yml:md5,527ae9e8a292ad5c7342f26233e9e131"
                ],
                "alignment": [
                    [
                        {
                            "id": "test"
                        },
                        "test.aln:md5,d41d8cd98f00b204e9800998ecf8427e"
                    ]
                ],
                "versions": [
                    "versions.yml:md5,527ae9e8a292ad5c7342f26233e9e131"
                ]
            }
        ],
        "meta": {
            "nf-test": "0.9.2",
            "nextflow": "25.04.6"
        },
        "timestamp": "2025-07-31T13:47:27.224686397"
    },
    "muscle5/super5": {
        "content": [
            {
                "0": [
                    [
                        {
                            "id": "test"
                        },
                        "test.aln:md5,50d236a9fbcf62d0aa229593dc8bbf6b"
                    ]
                ],
                "1": [
                    "versions.yml:md5,48ec1b7cf99109e8495f3bc00d67a1eb"
                ],
                "alignment": [
                    [
                        {
                            "id": "test"
                        },
                        "test.aln:md5,50d236a9fbcf62d0aa229593dc8bbf6b"
                    ]
                ],
                "versions": [
                    "versions.yml:md5,48ec1b7cf99109e8495f3bc00d67a1eb"
                ]
            }
        ],
        "meta": {
            "nf-test": "0.9.2",
            "nextflow": "25.04.6"
        },
        "timestamp": "2025-08-01T07:01:54.454247483"
    },
    "magus/align": {
        "content": [
            [
                "versions.yml:md5,9258e7c6deb7c3d816ba75cf111e09a8"
            ]
        ],
        "meta": {
            "nf-test": "0.9.2",
            "nextflow": "25.04.6"
        },
        "timestamp": "2025-08-01T06:56:07.991213481"
    },
    "kalign/align": {
        "content": [
            {
                "0": [
                    [
                        {
                            "id": "test"
                        },
                        "test.aln:md5,e9831df8f8c092e67935bc03eff8dde6"
                    ]
                ],
                "1": [
                    "versions.yml:md5,e7d33c95bb5d69e8573c8ad4eb2aca2c"
                ],
                "alignment": [
                    [
                        {
                            "id": "test"
                        },
                        "test.aln:md5,e9831df8f8c092e67935bc03eff8dde6"
                    ]
                ],
                "versions": [
                    "versions.yml:md5,e7d33c95bb5d69e8573c8ad4eb2aca2c"
                ]
            }
        ],
        "meta": {
            "nf-test": "0.9.2",
            "nextflow": "25.04.6"
        },
        "timestamp": "2025-07-31T13:38:38.673198876"
    },
    "tcoffee/align": {
        "content": [
            {
                "0": [
                    [
                        {
                            "id": "test"
                        },
                        "test.aln:md5,39441d8270972f23df19106708ee2dcb"
                    ]
                ],
                "1": [
                    "versions.yml:md5,c5208e86b43e8c973c39c2bd8ca2932a"
                ],
                "alignment": [
                    [
                        {
                            "id": "test"
                        },
                        "test.aln:md5,39441d8270972f23df19106708ee2dcb"
                    ]
                ],
                "versions": [
                    "versions.yml:md5,c5208e86b43e8c973c39c2bd8ca2932a"
                ]
            }
        ],
        "meta": {
            "nf-test": "0.9.2",
            "nextflow": "25.04.6"
        },
        "timestamp": "2025-08-01T07:27:07.276478754"
    },
    "upp/align": {
        "content": [
            {
                "0": [

                ],
                "1": [

                ],
                "alignment": [

                ],
                "versions": [

                ]
            }
        ],
        "meta": {
            "nf-test": "0.9.2",
            "nextflow": "25.10.0"
        },
        "timestamp": "2025-11-26T14:51:18.37628695"
    }
}
