{
    "clustalo/align": {
        "content": [
            {
                "0": [
                    [
                        {
                            "id": "test"
                        },
                        "test.aln:md5,9c01d20f8ba2dc66d4a671f739f48fa7"
                    ]
                ],
                "1": [
                    "versions.yml:md5,75356bf56559adcb33a9c93aba830309"
                ],
                "alignment": [
                    [
                        {
                            "id": "test"
                        },
                        "test.aln:md5,9c01d20f8ba2dc66d4a671f739f48fa7"
                    ]
                ],
                "versions": [
                    "versions.yml:md5,75356bf56559adcb33a9c93aba830309"
                ]
            }
        ],
        "meta": {
            "nf-test": "0.9.2",
            "nextflow": "25.04.6"
        },
        "timestamp": "2025-07-31T13:37:39.239390311"
    },
    "famsa/align": {
        "content": [
            {
                "0": [
                    [
                        {
                            "id": "test"
                        },
                        "test.aln:md5,9c01d20f8ba2dc66d4a671f739f48fa7"
                    ]
                ],
                "1": [
                    "versions.yml:md5,75356bf56559adcb33a9c93aba830309"
                ],
                "alignment": [
                    [
                        {
                            "id": "test"
                        },
                        "test.aln:md5,9c01d20f8ba2dc66d4a671f739f48fa7"
                    ]
                ],
                "versions": [
                    "versions.yml:md5,75356bf56559adcb33a9c93aba830309"
                ]
            }
        ],
        "meta": {
            "nf-test": "0.9.2",
            "nextflow": "25.04.6"
        },
        "timestamp": "2025-07-31T13:38:19.076634506"
    },
    "learnmsa/align - stub": {
        "content": [
            {
                "0": [
                    [
                        {
                            "id": "test"
                        },
                        "test.aln:md5,d41d8cd98f00b204e9800998ecf8427e"
                    ]
                ],
                "1": [
                    "versions.yml:md5,75356bf56559adcb33a9c93aba830309"
                ],
                "alignment": [
                    [
                        {
                            "id": "test"
                        },
                        "test.aln:md5,d41d8cd98f00b204e9800998ecf8427e"
                    ]
                ],
                "versions": [
                    "versions.yml:md5,75356bf56559adcb33a9c93aba830309"
                ]
            }
        ],
        "meta": {
            "nf-test": "0.9.2",
            "nextflow": "25.04.6"
        },
        "timestamp": "2025-07-31T13:47:27.224686397"
    },
    "muscle5/super5": {
        "content": [
            {
                "0": [
                    [
                        {
                            "id": "test"
                        },
                        "test.aln:md5,9c01d20f8ba2dc66d4a671f739f48fa7"
                    ]
                ],
                "1": [
                    "versions.yml:md5,75356bf56559adcb33a9c93aba830309"
                ],
                "alignment": [
                    [
                        {
                            "id": "test"
                        },
                        "test.aln:md5,9c01d20f8ba2dc66d4a671f739f48fa7"
                    ]
                ],
                "versions": [
                    "versions.yml:md5,75356bf56559adcb33a9c93aba830309"
                ]
            }
        ],
        "meta": {
            "nf-test": "0.9.2",
            "nextflow": "25.04.6"
        },
        "timestamp": "2025-08-01T07:01:54.454247483"
    },
    "magus/align": {
        "content": [
            {
                "0": [
                    [
                        {
                            "id": "test"
                        },
                        "test.aln:md5,9c01d20f8ba2dc66d4a671f739f48fa7"
                    ]
                ],
                "1": [
                    "versions.yml:md5,75356bf56559adcb33a9c93aba830309"
                ],
                "alignment": [
                    [
                        {
                            "id": "test"
                        },
                        "test.aln:md5,9c01d20f8ba2dc66d4a671f739f48fa7"
                    ]
                ],
                "versions": [
                    "versions.yml:md5,75356bf56559adcb33a9c93aba830309"
                ]
            }
        ],
        "meta": {
            "nf-test": "0.9.2",
            "nextflow": "25.04.6"
        },
        "timestamp": "2025-08-01T06:56:07.991213481"
    },
    "kalign/align": {
        "content": [
            {
                "0": [
                    [
                        {
                            "id": "test"
                        },
                        "test.aln:md5,9c01d20f8ba2dc66d4a671f739f48fa7"
                    ]
                ],
                "1": [
                    "versions.yml:md5,75356bf56559adcb33a9c93aba830309"
                ],
                "alignment": [
                    [
                        {
                            "id": "test"
                        },
                        "test.aln:md5,9c01d20f8ba2dc66d4a671f739f48fa7"
                    ]
                ],
                "versions": [
                    "versions.yml:md5,75356bf56559adcb33a9c93aba830309"
                ]
            }
        ],
        "meta": {
            "nf-test": "0.9.2",
            "nextflow": "25.04.6"
        },
        "timestamp": "2025-07-31T13:38:38.673198876"
    },
    "tcoffee/align": {
        "content": [
            {
                "0": [
                    [
                        {
                            "id": "test"
                        },
                        "test.aln:md5,9c01d20f8ba2dc66d4a671f739f48fa7"
                    ]
                ],
                "1": [
                    "versions.yml:md5,75356bf56559adcb33a9c93aba830309"
                ],
                "alignment": [
                    [
                        {
                            "id": "test"
                        },
                        "test.aln:md5,9c01d20f8ba2dc66d4a671f739f48fa7"
                    ]
                ],
                "versions": [
                    "versions.yml:md5,75356bf56559adcb33a9c93aba830309"
                ]
            }
        ],
        "meta": {
            "nf-test": "0.9.2",
            "nextflow": "25.04.6"
        },
        "timestamp": "2025-08-01T07:27:07.276478754"
    }
}
