{
    "versions": {
        "content": [
            [
                "versions.yml:md5,fb187c9186b50a8076d08cd3be3c1b70"
            ]
        ],
        "meta": {
            "nf-test": "0.8.4",
            "nextflow": "24.04.3"
        },
        "timestamp": "2024-07-10T15:28:18.280597"
    },
    "alignment": {
        "content": [
            [
                [
                    {
                        "id": "test"
                    },
                    "test.aln.gz:md5,bd1db08ad04514cc6d1334598c1a6ef0"
                ]
            ]
        ],
        "meta": {
            "nf-test": "0.8.4",
            "nextflow": "24.01.0"
        },
        "timestamp": "2024-02-28T18:59:35.169119"
    }
}