{
    "versions1": {
        "content": [
            [
                "versions.yml:md5,ef9456e058ce51bce10dbc3703da29c7"
            ]
        ],
        "meta": {
            "nf-test": "0.8.4",
            "nextflow": "24.04.3"
        },
        "timestamp": "2024-03-28T18:17:23.679862847"
    }
}