{
    "versions_lib": {
        "content": [
            [
                "versions.yml:md5,be68908a79a64a38aaa38acc306feed6"
            ]
        ],
        "meta": {
            "nf-test": "0.8.4",
            "nextflow": "24.04.2"
        },
        "timestamp": "2024-07-11T09:16:44.594472737"
    },
    "alignment - lib": {
        "content": [
            [
                [
                    {
                        "id": "test"
                    },
                    "test.aln.gz:md5,bd1db08ad04514cc6d1334598c1a6ef0"
                ]
            ]
        ],
        "meta": {
            "nf-test": "0.8.4",
            "nextflow": "23.10.1"
        },
        "timestamp": "2024-03-19T13:57:39.653762"
    }
}