{
    "famsa/guidetree": {
        "content": [
            {
                "0": [
                    [
                        {
                            "id": "test"
                        },
                        "test.dnd:md5,f3ef8b16a7a16cb4548942ebf2e7bad6"
                    ]
                ],
                "1": [
                    "versions.yml:md5,9362f729d456eebde15c076a3927b340"
                ],
                "tree": [
                    [
                        {
                            "id": "test"
                        },
                        "test.dnd:md5,f3ef8b16a7a16cb4548942ebf2e7bad6"
                    ]
                ],
                "versions": [
                    "versions.yml:md5,9362f729d456eebde15c076a3927b340"
                ]
            }
        ],
        "meta": {
            "nf-test": "0.9.2",
            "nextflow": "25.04.6"
        },
        "timestamp": "2025-08-01T12:21:33.436132015"
    },
    "clustalo/guidetree": {
        "content": [
            {
                "0": [
                    [
                        {
                            "id": "test"
                        },
                        "test.dnd:md5,5428bad500a0a0bd985744bec1a12a70"
                    ]
                ],
                "1": [
                    "versions.yml:md5,08d14ffe74bfaff6d04f86a87f1adb4f"
                ],
                "tree": [
                    [
                        {
                            "id": "test"
                        },
                        "test.dnd:md5,5428bad500a0a0bd985744bec1a12a70"
                    ]
                ],
                "versions": [
                    "versions.yml:md5,08d14ffe74bfaff6d04f86a87f1adb4f"
                ]
            }
        ],
        "meta": {
            "nf-test": "0.9.2",
            "nextflow": "25.04.6"
        },
        "timestamp": "2025-08-01T12:21:24.785688977"
    },
    "magus/guidetree": {
        "content": [
            {
                "0": [
                    [
                        {
                            "id": "test"
                        },
                        "test.tree:md5,86f965f805a47a97c2ac9ca4400c4f7d"
                    ]
                ],
                "1": [
                    "versions.yml:md5,7234c3d5bc0089242622028903d2f4d1"
                ],
                "tree": [
                    [
                        {
                            "id": "test"
                        },
                        "test.tree:md5,86f965f805a47a97c2ac9ca4400c4f7d"
                    ]
                ],
                "versions": [
                    "versions.yml:md5,7234c3d5bc0089242622028903d2f4d1"
                ]
            }
        ],
        "meta": {
            "nf-test": "0.9.2",
            "nextflow": "25.04.6"
        },
        "timestamp": "2025-08-01T12:22:50.626527387"
    }
}
