{
    "famsa/guidetree": {
        "content": [
            {
                "0": [
                    [
                        {
                            "id": "test"
                        },
                        "test.dnd:md5,3fddb6ad96904101d105d090ddff061d"
                    ]
                ],
                "1": [
                    "versions.yml:md5,9362f729d456eebde15c076a3927b340"
                ],
                "tree": [
                    [
                        {
                            "id": "test"
                        },
                        "test.dnd:md5,3fddb6ad96904101d105d090ddff061d"
                    ]
                ],
                "versions": [
                    "versions.yml:md5,9362f729d456eebde15c076a3927b340"
                ]
            }
        ],
        "meta": {
            "nf-test": "0.9.2",
            "nextflow": "25.04.6"
        },
        "timestamp": "2025-08-01T12:21:33.436132015"
    },
    "mafft/guidetree": {
        "content": [
            {
                "0": [
                    [
                        {
                            "id": "test"
                        },
                        "test.dnd:md5,f3510ecc52655e1827658396aec90b24"
                    ]
                ],
                "1": [
                    "versions.yml:md5,995c0bd161578e9d638264659f5e55b5"
                ],
                "tree": [
                    [
                        {
                            "id": "test"
                        },
                        "test.dnd:md5,f3510ecc52655e1827658396aec90b24"
                    ]
                ],
                "versions": [
                    "versions.yml:md5,995c0bd161578e9d638264659f5e55b5"
                ]
            }
        ],
        "meta": {
            "nf-test": "0.9.2",
            "nextflow": "25.10.0"
        },
        "timestamp": "2025-11-26T14:46:56.709060689"
    },
    "clustalo/guidetree": {
        "content": [
            {
                "0": [
                    [
                        {
                            "id": "test"
                        },
                        "test.dnd:md5,90cf248dac7bf20a706e2b1552fd41f1"
                    ]
                ],
                "1": [
                    "versions.yml:md5,08d14ffe74bfaff6d04f86a87f1adb4f"
                ],
                "tree": [
                    [
                        {
                            "id": "test"
                        },
                        "test.dnd:md5,90cf248dac7bf20a706e2b1552fd41f1"
                    ]
                ],
                "versions": [
                    "versions.yml:md5,08d14ffe74bfaff6d04f86a87f1adb4f"
                ]
            }
        ],
        "meta": {
            "nf-test": "0.9.2",
            "nextflow": "25.04.6"
        },
        "timestamp": "2025-08-01T12:21:24.785688977"
    },
    "magus/guidetree": {
        "content": [
            [
                "versions.yml:md5,7234c3d5bc0089242622028903d2f4d1"
            ]
        ],
        "meta": {
            "nf-test": "0.9.2",
            "nextflow": "25.04.6"
        },
        "timestamp": "2025-08-19T13:46:43.306273138"
    }
}