{
    "versions1": {
        "content": [
            [
                "versions.yml:md5,7d9e0a8c263fa6d9017075fe88c9e9dc"
            ]
        ],
        "meta": {
            "nf-test": "0.8.4",
            "nextflow": "24.04.3"
        },
        "timestamp": "2024-07-10T12:06:05.094484"
    },
    "alignment": {
        "content": [
            [
                [
                    {
                        "id": "test"
                    },
                    "test.aln.gz:md5,7cf7375f2ba360814ea978731838b972"
                ]
            ]
        ],
        "meta": {
            "nf-test": "0.8.4",
            "nextflow": "24.04.3"
        },
        "timestamp": "2024-07-10T12:06:05.047249"
    }
}