{
    "versions1": {
        "content": [
            [
                "versions.yml:md5,327da6a4250a6b7c4e45cddaa1f56280"
            ]
        ],
        "meta": {
            "nf-test": "0.8.4",
            "nextflow": "24.04.3"
        },
        "timestamp": "2024-07-10T13:15:10.541265"
    },
    "alignment ": {
        "content": [
            [
                [
                    {
                        "id": "test"
                    },
                    "test.aln.gz:md5,74bb9a2820a91cf68db94dbd46787722"
                ]
            ]
        ],
        "meta": {
            "nf-test": "0.8.4",
            "nextflow": "24.04.3"
        },
        "timestamp": "2024-07-10T13:15:10.531416"
    }
}