{
    "with_guide_tree_alignment": {
        "content": [
            [
                [
                    {
                        "id": "test"
                    },
                    "test.aln.gz:md5,7cf7375f2ba360814ea978731838b972"
                ]
            ]
        ],
        "meta": {
            "nf-test": "0.8.4",
            "nextflow": "24.04.3"
        },
        "timestamp": "2024-02-09T19:10:05.167368314"
    },
    "with_guide_tree_versions": {
        "content": [
            [
                "versions.yml:md5,7b4c829b2d9a9fc6e805c06d432998cf"
            ]
        ],
        "meta": {
            "nf-test": "0.8.4",
            "nextflow": "24.04.3"
        },
        "timestamp": "2024-07-10T14:20:45.346455"
    }
}